[TF (GenerationSoftware (GenerationSoftware {vendor = "KiCad", application = "Pcbnew", version = Just "7.0.2"})),TF (CreationDate (CreationDate 2023-10-17 00:00:16 UTC)),TF (ProjectId (ProjectId {name = "board", guid = 626f6172-642e-46b6-9963-61645f706362, revision = "01"})),TF (SameCoordinates (Just "Original")),TF (FileFunction (Paste Top)),TF (FilePolarity Positive),FS PadLeading (Format {integerPositions = 4, decimalPositions = 6}) (Format {integerPositions = 4, decimalPositions = 6}),G04 " Gerber Fmt 4.6, Leading zero omitted, Abs format (unit mm)",G04 " Created by KiCad (PCBNEW 7.0.2) date 2023-10-17 13:36:16",MO MM,LP Dark,G01,G04 " APERTURE LIST",G04 " Aperture macros list",AM "RoundRect" [Comment " Rectangle with rounded corners",Comment " $1 Rounding radius",Comment " $2 $3 $4 $5 $6 $7 $8 $9 X,Y pos of 4 corners",Comment " Add a 4 corners polygon primitive as box body",Primitive (Outline (OutlineModifiers {outlineExposure = Decimal 1.0, vertices = V2 (VariableReference 2) (VariableReference 3) :| [V2 (VariableReference 4) (VariableReference 5),V2 (VariableReference 6) (VariableReference 7),V2 (VariableReference 8) (VariableReference 9),V2 (VariableReference 2) (VariableReference 3)], outlineRotation = Decimal 0.0})),Comment " Add four circle primitives for the rounded corners",Primitive (Circle (CircleModifiers {circleExposure = Decimal 1.0, diameter = Plus (VariableReference 1) (VariableReference 1), circleCenter = V2 (VariableReference 2) (VariableReference 3), circleRotation = Nothing})),Primitive (Circle (CircleModifiers {circleExposure = Decimal 1.0, diameter = Plus (VariableReference 1) (VariableReference 1), circleCenter = V2 (VariableReference 4) (VariableReference 5), circleRotation = Nothing})),Primitive (Circle (CircleModifiers {circleExposure = Decimal 1.0, diameter = Plus (VariableReference 1) (VariableReference 1), circleCenter = V2 (VariableReference 6) (VariableReference 7), circleRotation = Nothing})),Primitive (Circle (CircleModifiers {circleExposure = Decimal 1.0, diameter = Plus (VariableReference 1) (VariableReference 1), circleCenter = V2 (VariableReference 8) (VariableReference 9), circleRotation = Nothing})),Comment " Add four rect primitives between the rounded corners",Primitive (VectorLine (VectorLineModifiers {vectorLineExposure = Decimal 1.0, vectorLineWidth = Plus (VariableReference 1) (VariableReference 1), start = V2 (VariableReference 2) (VariableReference 3), end = V2 (VariableReference 4) (VariableReference 5), vectorLineRotation = Decimal 0.0})),Primitive (VectorLine (VectorLineModifiers {vectorLineExposure = Decimal 1.0, vectorLineWidth = Plus (VariableReference 1) (VariableReference 1), start = V2 (VariableReference 4) (VariableReference 5), end = V2 (VariableReference 6) (VariableReference 7), vectorLineRotation = Decimal 0.0})),Primitive (VectorLine (VectorLineModifiers {vectorLineExposure = Decimal 1.0, vectorLineWidth = Plus (VariableReference 1) (VariableReference 1), start = V2 (VariableReference 6) (VariableReference 7), end = V2 (VariableReference 8) (VariableReference 9), vectorLineRotation = Decimal 0.0})),Primitive (VectorLine (VectorLineModifiers {vectorLineExposure = Decimal 1.0, vectorLineWidth = Plus (VariableReference 1) (VariableReference 1), start = V2 (VariableReference 8) (VariableReference 9), end = V2 (VariableReference 2) (VariableReference 3), vectorLineRotation = Decimal 0.0}))],G04 " Aperture macros list end",AD 10 (Rectangle (RectangleModifiers {width = 1.5, height = 2.0, rectangleHoleDiameter = Nothing})),AD 11 (Rectangle (RectangleModifiers {width = 3.8, height = 2.0, rectangleHoleDiameter = Nothing})),MacroAD 12 "RoundRect" [0.2,-0.275,0.2,-0.275,-0.2,0.275,-0.2,0.275,0.2,0.0],MacroAD 13 "RoundRect" [0.2,0.2,0.275,-0.2,0.275,-0.2,-0.275,0.2,-0.275,0.0],MacroAD 14 "RoundRect" [0.2,-0.2,-0.275,0.2,-0.275,0.2,0.275,-0.2,0.275,0.0],MacroAD 15 "RoundRect" [0.25,0.475,-0.25,0.475,0.25,-0.475,0.25,-0.475,-0.25,0.0],AD 16 (Rectangle (RectangleModifiers {width = 1.2, height = 1.2, rectangleHoleDiameter = Nothing})),MacroAD 17 "RoundRect" [0.25,0.25,0.475,-0.25,0.475,-0.25,-0.475,0.25,-0.475,0.0],AD 18 (Rectangle (RectangleModifiers {width = 0.9, height = 1.2, rectangleHoleDiameter = Nothing})),MacroAD 19 "RoundRect" [0.14,0.17,-0.14,0.17,0.14,-0.17,0.14,-0.17,-0.14,0.0],MacroAD 20 "RoundRect" [0.25,-0.25,-0.475,0.25,-0.475,0.25,0.475,-0.25,0.475,0.0],AD 21 (Rectangle (RectangleModifiers {width = 0.7, height = 0.6, rectangleHoleDiameter = Nothing})),AD 22 (Rectangle (RectangleModifiers {width = 0.6, height = 0.7, rectangleHoleDiameter = Nothing})),MacroAD 23 "RoundRect" [0.15,0.15,-0.5125,0.15,0.5125,-0.15,0.5125,-0.15,-0.5125,0.0],MacroAD 24 "RoundRect" [0.25,0.45,-0.2625,0.45,0.2625,-0.45,0.2625,-0.45,-0.2625,0.0],MacroAD 25 "RoundRect" [0.14,-0.17,0.14,-0.17,-0.14,0.17,-0.14,0.17,0.14,0.0],MacroAD 26 "RoundRect" [0.25,0.2625,0.45,-0.2625,0.45,-0.2625,-0.45,0.2625,-0.45,0.0],MacroAD 27 "RoundRect" [0.15,-0.825,-0.15,0.825,-0.15,0.825,0.15,-0.825,0.15,0.0],MacroAD 28 "RoundRect" [0.225,0.25,-0.225,0.25,0.225,-0.25,0.225,-0.25,-0.225,0.0],MacroAD 29 "RoundRect" [0.14,-0.14,-0.17,0.14,-0.17,0.14,0.17,-0.14,0.17,0.0],MacroAD 30 "RoundRect" [0.1,0.1,-0.6375,0.1,0.6375,-0.1,0.6375,-0.1,-0.6375,0.0],AD 31 (Rectangle (RectangleModifiers {width = 0.65, height = 0.4, rectangleHoleDiameter = Nothing})),MacroAD 32 "RoundRect" [0.2,0.275,-0.2,0.275,0.2,-0.275,0.2,-0.275,-0.2,0.0],MacroAD 33 "RoundRect" [0.25,-0.2625,-0.45,0.2625,-0.45,0.2625,0.45,-0.2625,0.45,0.0],G04 " APERTURE END LIST",D 10,TO ".C" ["Q3"],D03 (Movement {x = Just EncodedDecimal {negative = False, digits = [1,0,6,0,3,3,6,0,0]}, y = Just EncodedDecimal {negative = True, digits = [1,0,6,5,7,8,0,0,0]}, i = Nothing, j = Nothing}),D 11,D03 (Movement {x = Just EncodedDecimal {negative = False, digits = [1,0,3,7,3,3,6,0,0]}, y = Just EncodedDecimal {negative = True, digits = [1,1,2,8,7,8,0,0,0]}, i = Nothing, j = Nothing}),D 10,D03 (Movement {x = Just EncodedDecimal {negative = False, digits = [1,0,3,7,3,3,6,0,0]}, y = Just EncodedDecimal {negative = True, digits = [1,0,6,5,7,8,0,0,0]}, i = Nothing, j = Nothing}),D03 (Movement {x = Just EncodedDecimal {negative = False, digits = [1,0,1,4,3,3,6,0,0]}, y = Just EncodedDecimal {negative = True, digits = [1,0,6,5,7,8,0,0,0]}, i = Nothing, j = Nothing}),TD (Just ""),D 12,TO ".C" ["R7"],D03 (Movement {x = Just EncodedDecimal {negative = False, digits = [9,8,1,7,1,0,0,0]}, y = Just EncodedDecimal {negative = True, digits = [1,0,9,0,8,0,8,0,0]}, i = Nothing, j = Nothing}),D03 (Movement {x = Just EncodedDecimal {negative = False, digits = [9,8,1,7,1,0,0,0]}, y = Just EncodedDecimal {negative = True, digits = [1,1,0,7,3,0,8,0,0]}, i = Nothing, j = Nothing}),TD (Just ""),D 13,TO ".C" ["R5"],D03 (Movement {x = Just EncodedDecimal {negative = False, digits = [1,3,8,9,8,7,4,0,0]}, y = Just EncodedDecimal {negative = True, digits = [1,0,3,8,3,5,2,0,0]}, i = Nothing, j = Nothing}),D03 (Movement {x = Just EncodedDecimal {negative = False, digits = [1,3,7,3,3,7,4,0,0]}, y = Just EncodedDecimal {negative = True, digits = [1,0,3,8,3,5,2,0,0]}, i = Nothing, j = Nothing}),TD (Just ""),D 14,TO ".C" ["R2"],D03 (Movement {x = Just EncodedDecimal {negative = False, digits = [9,7,9,3,0,2,0,0]}, y = Just EncodedDecimal {negative = True, digits = [6,2,5,0,9,4,0,0]}, i = Nothing, j = Nothing}),D03 (Movement {x = Just EncodedDecimal {negative = False, digits = [9,9,5,8,0,2,0,0]}, y = Just EncodedDecimal {negative = True, digits = [6,2,5,0,9,4,0,0]}, i = Nothing, j = Nothing}),TD (Just ""),D 15,TO ".C" ["C7"],D03 (Movement {x = Just EncodedDecimal {negative = False, digits = [9,8,5,2,6,6,0,0]}, y = Just EncodedDecimal {negative = True, digits = [7,0,6,4,7,6,0,0]}, i = Nothing, j = Nothing}),D03 (Movement {x = Just EncodedDecimal {negative = False, digits = [9,8,5,2,6,6,0,0]}, y = Just EncodedDecimal {negative = True, digits = [6,8,7,4,7,6,0,0]}, i = Nothing, j = Nothing}),TD (Just ""),D 16,TO ".C" ["D5"],D03 (Movement {x = Just EncodedDecimal {negative = False, digits = [1,3,1,2,5,0,4,0,0]}, y = Just EncodedDecimal {negative = True, digits = [6,8,3,2,6,0,0,0]}, i = Nothing, j = Nothing}),D03 (Movement {x = Just EncodedDecimal {negative = False, digits = [1,2,9,1,5,0,4,0,0]}, y = Just EncodedDecimal {negative = True, digits = [6,8,3,2,6,0,0,0]}, i = Nothing, j = Nothing}),TD (Just ""),D 17,TO ".C" ["C9"],D03 (Movement {x = Just EncodedDecimal {negative = False, digits = [1,4,1,6,6,6,0,0,0]}, y = Just EncodedDecimal {negative = True, digits = [5,8,1,1,5,2,0,0]}, i = Nothing, j = Nothing}),D03 (Movement {x = Just EncodedDecimal {negative = False, digits = [1,3,9,7,6,6,0,0,0]}, y = Just EncodedDecimal {negative = True, digits = [5,8,1,1,5,2,0,0]}, i = Nothing, j = Nothing}),TD (Just ""),D 18,TO ".C" ["D10"],D03 (Movement {x = Just EncodedDecimal {negative = False, digits = [1,0,9,0,1,5,8,0,0]}, y = Just EncodedDecimal {negative = True, digits = [1,1,5,7,2,2,4,0,0]}, i = Nothing, j = Nothing}),D03 (Movement {x = Just EncodedDecimal {negative = False, digits = [1,0,5,7,1,5,8,0,0]}, y = Just EncodedDecimal {negative = True, digits = [1,1,5,7,2,2,4,0,0]}, i = Nothing, j = Nothing}),TD (Just ""),D 19,TO ".C" ["C6"],D03 (Movement {x = Just EncodedDecimal {negative = False, digits = [1,2,5,4,5,0,6,0,0]}, y = Just EncodedDecimal {negative = True, digits = [1,0,4,7,7,2,4,0,0]}, i = Nothing, j = Nothing}),D03 (Movement {x = Just EncodedDecimal {negative = False, digits = [1,2,5,4,5,0,6,0,0]}, y = Just EncodedDecimal {negative = True, digits = [1,0,3,8,1,2,4,0,0]}, i = Nothing, j = Nothing}),TD (Just ""),D 20,TO ".C" ["C8"],D03 (Movement {x = Just EncodedDecimal {negative = False, digits = [8,6,3,7,5,2,0,0]}, y = Just EncodedDecimal {negative = True, digits = [5,3,6,7,0,2,0,0]}, i = Nothing, j = Nothing}),D03 (Movement {x = Just EncodedDecimal {negative = False, digits = [8,8,2,7,5,2,0,0]}, y = Just EncodedDecimal {negative = True, digits = [5,3,6,7,0,2,0,0]}, i = Nothing, j = Nothing}),TD (Just ""),D 21,TO ".C" ["U5"],D03 (Movement {x = Just EncodedDecimal {negative = False, digits = [1,2,0,2,9,4,4,0,0]}, y = Just EncodedDecimal {negative = True, digits = [1,0,2,1,6,7,0,0,0]}, i = Nothing, j = Nothing}),D03 (Movement {x = Just EncodedDecimal {negative = False, digits = [1,2,1,5,6,4,4,0,0]}, y = Just EncodedDecimal {negative = True, digits = [1,0,2,1,6,7,0,0,0]}, i = Nothing, j = Nothing}),D03 (Movement {x = Just EncodedDecimal {negative = False, digits = [1,2,2,8,3,4,4,0,0]}, y = Just EncodedDecimal {negative = True, digits = [1,0,2,1,6,7,0,0,0]}, i = Nothing, j = Nothing}),D 22,D03 (Movement {x = Just EncodedDecimal {negative = False, digits = [1,2,3,6,6,4,4,0,0]}, y = Just EncodedDecimal {negative = True, digits = [1,0,2,9,9,7,0,0,0]}, i = Nothing, j = Nothing}),D03 (Movement {x = Just EncodedDecimal {negative = False, digits = [1,2,3,6,6,4,4,0,0]}, y = Just EncodedDecimal {negative = True, digits = [1,0,4,2,6,7,0,0,0]}, i = Nothing, j = Nothing}),D03 (Movement {x = Just EncodedDecimal {negative = False, digits = [1,2,3,6,6,4,4,0,0]}, y = Just EncodedDecimal {negative = True, digits = [1,0,5,5,3,7,0,0,0]}, i = Nothing, j = Nothing}),D 21,D03 (Movement {x = Just EncodedDecimal {negative = False, digits = [1,2,2,8,3,4,4,0,0]}, y = Just EncodedDecimal {negative = True, digits = [1,0,6,3,6,7,0,0,0]}, i = Nothing, j = Nothing}),D03 (Movement {x = Just EncodedDecimal {negative = False, digits = [1,2,1,5,6,4,4,0,0]}, y = Just EncodedDecimal {negative = True, digits = [1,0,6,3,6,7,0,0,0]}, i = Nothing, j = Nothing}),D03 (Movement {x = Just EncodedDecimal {negative = False, digits = [1,2,0,2,9,4,4,0,0]}, y = Just EncodedDecimal {negative = True, digits = [1,0,6,3,6,7,0,0,0]}, i = Nothing, j = Nothing}),D 22,D03 (Movement {x = Just EncodedDecimal {negative = False, digits = [1,1,9,4,6,4,4,0,0]}, y = Just EncodedDecimal {negative = True, digits = [1,0,5,5,3,7,0,0,0]}, i = Nothing, j = Nothing}),D03 (Movement {x = Just EncodedDecimal {negative = False, digits = [1,1,9,4,6,4,4,0,0]}, y = Just EncodedDecimal {negative = True, digits = [1,0,4,2,6,7,0,0,0]}, i = Nothing, j = Nothing}),D03 (Movement {x = Just EncodedDecimal {negative = False, digits = [1,1,9,4,6,4,4,0,0]}, y = Just EncodedDecimal {negative = True, digits = [1,0,2,9,9,7,0,0,0]}, i = Nothing, j = Nothing}),TD (Just ""),D 16,TO ".C" ["D8"],D03 (Movement {x = Just EncodedDecimal {negative = False, digits = [9,6,0,7,9,6,0,0]}, y = Just EncodedDecimal {negative = True, digits = [1,1,2,9,0,3,0,0,0]}, i = Nothing, j = Nothing}),D03 (Movement {x = Just EncodedDecimal {negative = False, digits = [9,8,1,7,9,6,0,0]}, y = Just EncodedDecimal {negative = True, digits = [1,1,2,9,0,3,0,0,0]}, i = Nothing, j = Nothing}),TD (Just ""),D 10,TO ".C" ["Q2"],D03 (Movement {x = Just EncodedDecimal {negative = False, digits = [9,3,4,3,5,2,0,0]}, y = Just EncodedDecimal {negative = True, digits = [1,0,6,5,6,5,1,0,0]}, i = Nothing, j = Nothing}),D 11,D03 (Movement {x = Just EncodedDecimal {negative = False, digits = [9,1,1,3,5,2,0,0]}, y = Just EncodedDecimal {negative = True, digits = [1,1,2,8,6,5,1,0,0]}, i = Nothing, j = Nothing}),D 10,D03 (Movement {x = Just EncodedDecimal {negative = False, digits = [9,1,1,3,5,2,0,0]}, y = Just EncodedDecimal {negative = True, digits = [1,0,6,5,6,5,1,0,0]}, i = Nothing, j = Nothing}),D03 (Movement {x = Just EncodedDecimal {negative = False, digits = [8,8,8,3,5,2,0,0]}, y = Just EncodedDecimal {negative = True, digits = [1,0,6,5,6,5,1,0,0]}, i = Nothing, j = Nothing}),TD (Just ""),D 15,TO ".C" ["C13"],D03 (Movement {x = Just EncodedDecimal {negative = False, digits = [1,4,9,4,2,8,2,0,0]}, y = Just EncodedDecimal {negative = True, digits = [1,1,6,8,7,5,6,0,0]}, i = Nothing, j = Nothing}),D03 (Movement {x = Just EncodedDecimal {negative = False, digits = [1,4,9,4,2,8,2,0,0]}, y = Just EncodedDecimal {negative = True, digits = [1,1,4,9,7,5,6,0,0]}, i = Nothing, j = Nothing}),TD (Just ""),D 16,TO ".C" ["D9"],D03 (Movement {x = Just EncodedDecimal {negative = False, digits = [1,0,8,7,5,4,2,0,0]}, y = Just EncodedDecimal {negative = True, digits = [1,1,2,9,0,3,0,0,0]}, i = Nothing, j = Nothing}),D03 (Movement {x = Just EncodedDecimal {negative = False, digits = [1,1,0,8,5,4,2,0,0]}, y = Just EncodedDecimal {negative = True, digits = [1,1,2,9,0,3,0,0,0]}, i = Nothing, j = Nothing}),TD (Just ""),TO ".C" ["D4"],D03 (Movement {x = Just EncodedDecimal {negative = False, digits = [1,0,8,6,4,4,0,0,0]}, y = Just EncodedDecimal {negative = True, digits = [6,8,2,7,5,2,0,0]}, i = Nothing, j = Nothing}),D03 (Movement {x = Just EncodedDecimal {negative = False, digits = [1,1,0,7,4,4,0,0,0]}, y = Just EncodedDecimal {negative = True, digits = [6,8,2,7,5,2,0,0]}, i = Nothing, j = Nothing}),TD (Just ""),D 23,TO ".C" ["D1"],D03 (Movement {x = Just EncodedDecimal {negative = False, digits = [1,0,1,2,5,9,6,0,0]}, y = Just EncodedDecimal {negative = True, digits = [6,4,9,1,6,9,0,0]}, i = Nothing, j = Nothing}),D03 (Movement {x = Just EncodedDecimal {negative = False, digits = [1,0,2,2,0,9,6,0,0]}, y = Just EncodedDecimal {negative = True, digits = [6,4,9,1,6,9,0,0]}, i = Nothing, j = Nothing}),D03 (Movement {x = Just EncodedDecimal {negative = False, digits = [1,0,3,1,5,9,6,0,0]}, y = Just EncodedDecimal {negative = True, digits = [6,4,9,1,6,9,0,0]}, i = Nothing, j = Nothing}),D03 (Movement {x = Just EncodedDecimal {negative = False, digits = [1,0,3,1,5,9,6,0,0]}, y = Just EncodedDecimal {negative = True, digits = [6,2,6,4,1,9,0,0]}, i = Nothing, j = Nothing}),D03 (Movement {x = Just EncodedDecimal {negative = False, digits = [1,0,2,2,0,9,6,0,0]}, y = Just EncodedDecimal {negative = True, digits = [6,2,6,4,1,9,0,0]}, i = Nothing, j = Nothing}),D03 (Movement {x = Just EncodedDecimal {negative = False, digits = [1,0,1,2,5,9,6,0,0]}, y = Just EncodedDecimal {negative = True, digits = [6,2,6,4,1,9,0,0]}, i = Nothing, j = Nothing}),TD (Just ""),D 24,TO ".C" ["R15"],D03 (Movement {x = Just EncodedDecimal {negative = False, digits = [8,1,2,8,0,0,0,0]}, y = Just EncodedDecimal {negative = True, digits = [1,1,6,8,5,3,3,0,0]}, i = Nothing, j = Nothing}),D03 (Movement {x = Just EncodedDecimal {negative = False, digits = [8,1,2,8,0,0,0,0]}, y = Just EncodedDecimal {negative = True, digits = [1,1,5,0,2,8,3,0,0]}, i = Nothing, j = Nothing}),TD (Just ""),D 25,TO ".C" ["C1"],D03 (Movement {x = Just EncodedDecimal {negative = False, digits = [1,1,7,5,2,5,8,0,0]}, y = Just EncodedDecimal {negative = True, digits = [1,0,2,9,9,9,6,0,0]}, i = Nothing, j = Nothing}),D03 (Movement {x = Just EncodedDecimal {negative = False, digits = [1,1,7,5,2,5,8,0,0]}, y = Just EncodedDecimal {negative = True, digits = [1,0,3,9,5,9,6,0,0]}, i = Nothing, j = Nothing}),TD (Just ""),D 18,TO ".C" ["D6"],D03 (Movement {x = Just EncodedDecimal {negative = False, digits = [1,4,1,9,0,8,8,0,0]}, y = Just EncodedDecimal {negative = True, digits = [1,1,5,7,4,7,8,0,0]}, i = Nothing, j = Nothing}),D03 (Movement {x = Just EncodedDecimal {negative = False, digits = [1,3,8,6,0,8,8,0,0]}, y = Just EncodedDecimal {negative = True, digits = [1,1,5,7,4,7,8,0,0]}, i = Nothing, j = Nothing}),TD (Just ""),D 16,TO ".C" ["D7"],D03 (Movement {x = Just EncodedDecimal {negative = False, digits = [9,0,7,2,0,2,0,0]}, y = Just EncodedDecimal {negative = True, digits = [7,8,9,6,8,6,0,0]}, i = Nothing, j = Nothing}),D03 (Movement {x = Just EncodedDecimal {negative = False, digits = [9,2,8,2,0,2,0,0]}, y = Just EncodedDecimal {negative = True, digits = [7,8,9,6,8,6,0,0]}, i = Nothing, j = Nothing}),TD (Just ""),D 19,TO ".C" ["C4"],D03 (Movement {x = Just EncodedDecimal {negative = False, digits = [1,2,9,3,6,2,2,0,0]}, y = Just EncodedDecimal {negative = True, digits = [9,4,7,1,4,0,0,0]}, i = Nothing, j = Nothing}),D03 (Movement {x = Just EncodedDecimal {negative = False, digits = [1,2,9,3,6,2,2,0,0]}, y = Just EncodedDecimal {negative = True, digits = [9,3,7,5,4,0,0,0]}, i = Nothing, j = Nothing}),TD (Just ""),D 18,TO ".C" ["D2"],D03 (Movement {x = Just EncodedDecimal {negative = False, digits = [9,6,4,6,8,2,0,0]}, y = Just EncodedDecimal {negative = True, digits = [1,1,5,7,6,0,3,0,0]}, i = Nothing, j = Nothing}),D03 (Movement {x = Just EncodedDecimal {negative = False, digits = [9,3,1,6,8,2,0,0]}, y = Just EncodedDecimal {negative = True, digits = [1,1,5,7,6,0,3,0,0]}, i = Nothing, j = Nothing}),TD (Just ""),D 12,TO ".C" ["R8"],D03 (Movement {x = Just EncodedDecimal {negative = False, digits = [1,1,0,7,5,2,2,0,0]}, y = Just EncodedDecimal {negative = True, digits = [6,4,4,5,3,0,0,0]}, i = Nothing, j = Nothing}),D03 (Movement {x = Just EncodedDecimal {negative = False, digits = [1,1,0,7,5,2,2,0,0]}, y = Just EncodedDecimal {negative = True, digits = [6,6,1,0,3,0,0,0]}, i = Nothing, j = Nothing}),TD (Just ""),D 24,TO ".C" ["R16"],D03 (Movement {x = Just EncodedDecimal {negative = False, digits = [1,4,7,3,4,5,4,0,0]}, y = Just EncodedDecimal {negative = True, digits = [1,1,6,8,3,8,1,0,0]}, i = Nothing, j = Nothing}),D03 (Movement {x = Just EncodedDecimal {negative = False, digits = [1,4,7,3,4,5,4,0,0]}, y = Just EncodedDecimal {negative = True, digits = [1,1,5,0,1,3,1,0,0]}, i = Nothing, j = Nothing}),TD (Just ""),D 13,TO ".C" ["R10"],D03 (Movement {x = Just EncodedDecimal {negative = False, digits = [9,3,4,5,8,8,0,0]}, y = Just EncodedDecimal {negative = True, digits = [1,0,3,8,3,5,2,0,0]}, i = Nothing, j = Nothing}),D03 (Movement {x = Just EncodedDecimal {negative = False, digits = [9,1,8,0,8,8,0,0]}, y = Just EncodedDecimal {negative = True, digits = [1,0,3,8,3,5,2,0,0]}, i = Nothing, j = Nothing}),TD (Just ""),D 14,TO ".C" ["R9"],D03 (Movement {x = Just EncodedDecimal {negative = False, digits = [1,2,4,6,7,6,4,0,0]}, y = Just EncodedDecimal {negative = True, digits = [6,8,3,7,6,8,0,0]}, i = Nothing, j = Nothing}),D03 (Movement {x = Just EncodedDecimal {negative = False, digits = [1,2,6,3,2,6,4,0,0]}, y = Just EncodedDecimal {negative = True, digits = [6,8,3,7,6,8,0,0]}, i = Nothing, j = Nothing}),TD (Just ""),TO ".C" ["R6"],D03 (Movement {x = Just EncodedDecimal {negative = False, digits = [1,3,6,6,5,1,0,0,0]}, y = Just EncodedDecimal {negative = True, digits = [8,8,7,4,7,6,0,0]}, i = Nothing, j = Nothing}),D03 (Movement {x = Just EncodedDecimal {negative = False, digits = [1,3,8,3,0,1,0,0,0]}, y = Just EncodedDecimal {negative = True, digits = [8,8,7,4,7,6,0,0]}, i = Nothing, j = Nothing}),TD (Just ""),D 15,TO ".C" ["C12"],D03 (Movement {x = Just EncodedDecimal {negative = False, digits = [8,3,5,1,5,2,0,0]}, y = Just EncodedDecimal {negative = True, digits = [1,1,6,8,6,5,4,0,0]}, i = Nothing, j = Nothing}),D03 (Movement {x = Just EncodedDecimal {negative = False, digits = [8,3,5,1,5,2,0,0]}, y = Just EncodedDecimal {negative = True, digits = [1,1,4,9,6,5,4,0,0]}, i = Nothing, j = Nothing}),TD (Just ""),D 26,TO ".C" ["R14"],D03 (Movement {x = Just EncodedDecimal {negative = False, digits = [1,4,1,6,2,8,5,0,0]}, y = Just EncodedDecimal {negative = True, digits = [5,5,8,8,0,0,0,0]}, i = Nothing, j = Nothing}),D03 (Movement {x = Just EncodedDecimal {negative = False, digits = [1,3,9,8,0,3,5,0,0]}, y = Just EncodedDecimal {negative = True, digits = [5,5,8,8,0,0,0,0]}, i = Nothing, j = Nothing}),TD (Just ""),D 25,TO ".C" ["C2"],D03 (Movement {x = Just EncodedDecimal {negative = False, digits = [1,0,5,2,5,2,4,0,0]}, y = Just EncodedDecimal {negative = True, digits = [8,3,3,9,8,5,0,0]}, i = Nothing, j = Nothing}),D03 (Movement {x = Just EncodedDecimal {negative = False, digits = [1,0,5,2,5,2,4,0,0]}, y = Just EncodedDecimal {negative = True, digits = [8,4,3,5,8,5,0,0]}, i = Nothing, j = Nothing}),TD (Just ""),D 27,TO ".C" ["U4"],D03 (Movement {x = Just EncodedDecimal {negative = False, digits = [1,3,3,8,8,3,4,0,0]}, y = Just EncodedDecimal {negative = True, digits = [9,0,5,5,1,0,0,0]}, i = Nothing, j = Nothing}),D03 (Movement {x = Just EncodedDecimal {negative = False, digits = [1,3,3,8,8,3,4,0,0]}, y = Just EncodedDecimal {negative = True, digits = [9,1,8,2,1,0,0,0]}, i = Nothing, j = Nothing}),D03 (Movement {x = Just EncodedDecimal {negative = False, digits = [1,3,3,8,8,3,4,0,0]}, y = Just EncodedDecimal {negative = True, digits = [9,3,0,9,1,0,0,0]}, i = Nothing, j = Nothing}),D03 (Movement {x = Just EncodedDecimal {negative = False, digits = [1,3,3,8,8,3,4,0,0]}, y = Just EncodedDecimal {negative = True, digits = [9,4,3,6,1,0,0,0]}, i = Nothing, j = Nothing}),D03 (Movement {x = Just EncodedDecimal {negative = False, digits = [1,3,8,8,3,3,4,0,0]}, y = Just EncodedDecimal {negative = True, digits = [9,4,3,6,1,0,0,0]}, i = Nothing, j = Nothing}),D03 (Movement {x = Just EncodedDecimal {negative = False, digits = [1,3,8,8,3,3,4,0,0]}, y = Just EncodedDecimal {negative = True, digits = [9,3,0,9,1,0,0,0]}, i = Nothing, j = Nothing}),D03 (Movement {x = Just EncodedDecimal {negative = False, digits = [1,3,8,8,3,3,4,0,0]}, y = Just EncodedDecimal {negative = True, digits = [9,1,8,2,1,0,0,0]}, i = Nothing, j = Nothing}),D03 (Movement {x = Just EncodedDecimal {negative = False, digits = [1,3,8,8,3,3,4,0,0]}, y = Just EncodedDecimal {negative = True, digits = [9,0,5,5,1,0,0,0]}, i = Nothing, j = Nothing}),TD (Just ""),D 28,TO ".C" ["C11"],D03 (Movement {x = Just EncodedDecimal {negative = False, digits = [1,4,3,1,2,9,0,0,0]}, y = Just EncodedDecimal {negative = True, digits = [9,0,2,5,9,2,0,0]}, i = Nothing, j = Nothing}),D03 (Movement {x = Just EncodedDecimal {negative = False, digits = [1,4,3,1,2,9,0,0,0]}, y = Just EncodedDecimal {negative = True, digits = [8,8,7,0,9,2,0,0]}, i = Nothing, j = Nothing}),TD (Just ""),D 14,TO ".C" ["R3"],D03 (Movement {x = Just EncodedDecimal {negative = False, digits = [1,3,3,4,2,5,2,0,0]}, y = Just EncodedDecimal {negative = True, digits = [8,8,7,4,7,6,0,0]}, i = Nothing, j = Nothing}),D03 (Movement {x = Just EncodedDecimal {negative = False, digits = [1,3,5,0,7,5,2,0,0]}, y = Just EncodedDecimal {negative = True, digits = [8,8,7,4,7,6,0,0]}, i = Nothing, j = Nothing}),TD (Just ""),D 20,TO ".C" ["C3"],D03 (Movement {x = Just EncodedDecimal {negative = False, digits = [9,0,4,9,0,0,0,0]}, y = Just EncodedDecimal {negative = True, digits = [6,5,5,5,7,4,0,0]}, i = Nothing, j = Nothing}),D03 (Movement {x = Just EncodedDecimal {negative = False, digits = [9,2,3,9,0,0,0,0]}, y = Just EncodedDecimal {negative = True, digits = [6,5,5,5,7,4,0,0]}, i = Nothing, j = Nothing}),TD (Just ""),D 13,TO ".C" ["R18"],D03 (Movement {x = Just EncodedDecimal {negative = False, digits = [1,0,6,0,8,2,6,0,0]}, y = Just EncodedDecimal {negative = True, digits = [1,0,3,8,3,5,2,0,0]}, i = Nothing, j = Nothing}),D03 (Movement {x = Just EncodedDecimal {negative = False, digits = [1,0,4,4,3,2,6,0,0]}, y = Just EncodedDecimal {negative = True, digits = [1,0,3,8,3,5,2,0,0]}, i = Nothing, j = Nothing}),TD (Just ""),D 10,TO ".C" ["U2"],D03 (Movement {x = Just EncodedDecimal {negative = False, digits = [9,5,0,8,6,2,0,0]}, y = Just EncodedDecimal {negative = True, digits = [6,8,6,5,5,8,0,0]}, i = Nothing, j = Nothing}),D 11,D03 (Movement {x = Just EncodedDecimal {negative = False, digits = [9,2,7,8,6,2,0,0]}, y = Just EncodedDecimal {negative = True, digits = [7,4,9,5,5,8,0,0]}, i = Nothing, j = Nothing}),D 10,D03 (Movement {x = Just EncodedDecimal {negative = False, digits = [9,2,7,8,6,2,0,0]}, y = Just EncodedDecimal {negative = True, digits = [6,8,6,5,5,8,0,0]}, i = Nothing, j = Nothing}),D03 (Movement {x = Just EncodedDecimal {negative = False, digits = [9,0,4,8,6,2,0,0]}, y = Just EncodedDecimal {negative = True, digits = [6,8,6,5,5,8,0,0]}, i = Nothing, j = Nothing}),TD (Just ""),D 16,TO ".C" ["D3"],D03 (Movement {x = Just EncodedDecimal {negative = False, digits = [1,4,1,7,7,4,2,0,0]}, y = Just EncodedDecimal {negative = True, digits = [1,1,2,9,0,3,0,0,0]}, i = Nothing, j = Nothing}),D03 (Movement {x = Just EncodedDecimal {negative = False, digits = [1,4,3,8,7,4,2,0,0]}, y = Just EncodedDecimal {negative = True, digits = [1,1,2,9,0,3,0,0,0]}, i = Nothing, j = Nothing}),TD (Just ""),D 12,TO ".C" ["R17"],D03 (Movement {x = Just EncodedDecimal {negative = False, digits = [1,1,0,8,4,5,6,0,0]}, y = Just EncodedDecimal {negative = True, digits = [1,0,9,0,5,5,4,0,0]}, i = Nothing, j = Nothing}),D03 (Movement {x = Just EncodedDecimal {negative = False, digits = [1,1,0,8,4,5,6,0,0]}, y = Just EncodedDecimal {negative = True, digits = [1,1,0,7,0,5,4,0,0]}, i = Nothing, j = Nothing}),TD (Just ""),D 13,TO ".C" ["R1"],D03 (Movement {x = Just EncodedDecimal {negative = False, digits = [1,0,6,4,8,9,0,0,0]}, y = Just EncodedDecimal {negative = True, digits = [6,2,5,3,4,8,0,0]}, i = Nothing, j = Nothing}),D03 (Movement {x = Just EncodedDecimal {negative = False, digits = [1,0,4,8,3,9,0,0,0]}, y = Just EncodedDecimal {negative = True, digits = [6,2,5,3,4,8,0,0]}, i = Nothing, j = Nothing}),TD (Just ""),D 12,TO ".C" ["R11"],D03 (Movement {x = Just EncodedDecimal {negative = False, digits = [9,5,6,3,1,0,0,0]}, y = Just EncodedDecimal {negative = True, digits = [7,7,3,0,5,4,0,0]}, i = Nothing, j = Nothing}),D03 (Movement {x = Just EncodedDecimal {negative = False, digits = [9,5,6,3,1,0,0,0]}, y = Just EncodedDecimal {negative = True, digits = [7,8,9,5,5,4,0,0]}, i = Nothing, j = Nothing}),TD (Just ""),D 29,TO ".C" ["C5"],D03 (Movement {x = Just EncodedDecimal {negative = False, digits = [1,3,3,4,2,8,8,0,0]}, y = Just EncodedDecimal {negative = True, digits = [8,7,3,2,5,2,0,0]}, i = Nothing, j = Nothing}),D03 (Movement {x = Just EncodedDecimal {negative = False, digits = [1,3,4,3,8,8,8,0,0]}, y = Just EncodedDecimal {negative = True, digits = [8,7,3,2,5,2,0,0]}, i = Nothing, j = Nothing}),TD (Just ""),D 19,TO ".C" ["C10"],D03 (Movement {x = Just EncodedDecimal {negative = False, digits = [1,4,0,8,4,3,0,0,0]}, y = Just EncodedDecimal {negative = True, digits = [9,0,5,4,8,4,0,0]}, i = Nothing, j = Nothing}),D03 (Movement {x = Just EncodedDecimal {negative = False, digits = [1,4,0,8,4,3,0,0,0]}, y = Just EncodedDecimal {negative = True, digits = [8,9,5,8,8,4,0,0]}, i = Nothing, j = Nothing}),TD (Just ""),D 30,TO ".C" ["U1"],D03 (Movement {x = Just EncodedDecimal {negative = False, digits = [1,0,6,5,2,8,8,0,0]}, y = Just EncodedDecimal {negative = True, digits = [8,9,1,2,8,6,0,0]}, i = Nothing, j = Nothing}),D03 (Movement {x = Just EncodedDecimal {negative = False, digits = [1,0,7,1,7,8,8,0,0]}, y = Just EncodedDecimal {negative = True, digits = [8,9,1,2,8,6,0,0]}, i = Nothing, j = Nothing}),D03 (Movement {x = Just EncodedDecimal {negative = False, digits = [1,0,7,8,2,8,8,0,0]}, y = Just EncodedDecimal {negative = True, digits = [8,9,1,2,8,6,0,0]}, i = Nothing, j = Nothing}),D03 (Movement {x = Just EncodedDecimal {negative = False, digits = [1,0,8,4,7,8,8,0,0]}, y = Just EncodedDecimal {negative = True, digits = [8,9,1,2,8,6,0,0]}, i = Nothing, j = Nothing}),D03 (Movement {x = Just EncodedDecimal {negative = False, digits = [1,0,9,1,2,8,8,0,0]}, y = Just EncodedDecimal {negative = True, digits = [8,9,1,2,8,6,0,0]}, i = Nothing, j = Nothing}),D03 (Movement {x = Just EncodedDecimal {negative = False, digits = [1,0,9,7,7,8,8,0,0]}, y = Just EncodedDecimal {negative = True, digits = [8,9,1,2,8,6,0,0]}, i = Nothing, j = Nothing}),D03 (Movement {x = Just EncodedDecimal {negative = False, digits = [1,1,0,4,2,8,8,0,0]}, y = Just EncodedDecimal {negative = True, digits = [8,9,1,2,8,6,0,0]}, i = Nothing, j = Nothing}),D03 (Movement {x = Just EncodedDecimal {negative = False, digits = [1,1,1,0,7,8,8,0,0]}, y = Just EncodedDecimal {negative = True, digits = [8,9,1,2,8,6,0,0]}, i = Nothing, j = Nothing}),D03 (Movement {x = Just EncodedDecimal {negative = False, digits = [1,1,1,7,2,8,8,0,0]}, y = Just EncodedDecimal {negative = True, digits = [8,9,1,2,8,6,0,0]}, i = Nothing, j = Nothing}),D03 (Movement {x = Just EncodedDecimal {negative = False, digits = [1,1,2,3,7,8,8,0,0]}, y = Just EncodedDecimal {negative = True, digits = [8,9,1,2,8,6,0,0]}, i = Nothing, j = Nothing}),D03 (Movement {x = Just EncodedDecimal {negative = False, digits = [1,1,3,0,2,8,8,0,0]}, y = Just EncodedDecimal {negative = True, digits = [8,9,1,2,8,6,0,0]}, i = Nothing, j = Nothing}),D03 (Movement {x = Just EncodedDecimal {negative = False, digits = [1,1,3,6,7,8,8,0,0]}, y = Just EncodedDecimal {negative = True, digits = [8,9,1,2,8,6,0,0]}, i = Nothing, j = Nothing}),D03 (Movement {x = Just EncodedDecimal {negative = False, digits = [1,1,3,6,7,8,8,0,0]}, y = Just EncodedDecimal {negative = True, digits = [8,3,4,0,3,6,0,0]}, i = Nothing, j = Nothing}),D03 (Movement {x = Just EncodedDecimal {negative = False, digits = [1,1,3,0,2,8,8,0,0]}, y = Just EncodedDecimal {negative = True, digits = [8,3,4,0,3,6,0,0]}, i = Nothing, j = Nothing}),D03 (Movement {x = Just EncodedDecimal {negative = False, digits = [1,1,2,3,7,8,8,0,0]}, y = Just EncodedDecimal {negative = True, digits = [8,3,4,0,3,6,0,0]}, i = Nothing, j = Nothing}),D03 (Movement {x = Just EncodedDecimal {negative = False, digits = [1,1,1,7,2,8,8,0,0]}, y = Just EncodedDecimal {negative = True, digits = [8,3,4,0,3,6,0,0]}, i = Nothing, j = Nothing}),D03 (Movement {x = Just EncodedDecimal {negative = False, digits = [1,1,1,0,7,8,8,0,0]}, y = Just EncodedDecimal {negative = True, digits = [8,3,4,0,3,6,0,0]}, i = Nothing, j = Nothing}),D03 (Movement {x = Just EncodedDecimal {negative = False, digits = [1,1,0,4,2,8,8,0,0]}, y = Just EncodedDecimal {negative = True, digits = [8,3,4,0,3,6,0,0]}, i = Nothing, j = Nothing}),D03 (Movement {x = Just EncodedDecimal {negative = False, digits = [1,0,9,7,7,8,8,0,0]}, y = Just EncodedDecimal {negative = True, digits = [8,3,4,0,3,6,0,0]}, i = Nothing, j = Nothing}),D03 (Movement {x = Just EncodedDecimal {negative = False, digits = [1,0,9,1,2,8,8,0,0]}, y = Just EncodedDecimal {negative = True, digits = [8,3,4,0,3,6,0,0]}, i = Nothing, j = Nothing}),D03 (Movement {x = Just EncodedDecimal {negative = False, digits = [1,0,8,4,7,8,8,0,0]}, y = Just EncodedDecimal {negative = True, digits = [8,3,4,0,3,6,0,0]}, i = Nothing, j = Nothing}),D03 (Movement {x = Just EncodedDecimal {negative = False, digits = [1,0,7,8,2,8,8,0,0]}, y = Just EncodedDecimal {negative = True, digits = [8,3,4,0,3,6,0,0]}, i = Nothing, j = Nothing}),D03 (Movement {x = Just EncodedDecimal {negative = False, digits = [1,0,7,1,7,8,8,0,0]}, y = Just EncodedDecimal {negative = True, digits = [8,3,4,0,3,6,0,0]}, i = Nothing, j = Nothing}),D03 (Movement {x = Just EncodedDecimal {negative = False, digits = [1,0,6,5,2,8,8,0,0]}, y = Just EncodedDecimal {negative = True, digits = [8,3,4,0,3,6,0,0]}, i = Nothing, j = Nothing}),TD (Just ""),D 31,TO ".C" ["U3"],D03 (Movement {x = Just EncodedDecimal {negative = False, digits = [1,2,6,0,2,4,6,0,0]}, y = Just EncodedDecimal {negative = True, digits = [9,3,1,0,1,4,0,0]}, i = Nothing, j = Nothing}),D03 (Movement {x = Just EncodedDecimal {negative = False, digits = [1,2,6,0,2,4,6,0,0]}, y = Just EncodedDecimal {negative = True, digits = [9,3,7,5,1,4,0,0]}, i = Nothing, j = Nothing}),D03 (Movement {x = Just EncodedDecimal {negative = False, digits = [1,2,6,0,2,4,6,0,0]}, y = Just EncodedDecimal {negative = True, digits = [9,4,4,0,1,4,0,0]}, i = Nothing, j = Nothing}),D03 (Movement {x = Just EncodedDecimal {negative = False, digits = [1,2,7,9,2,4,6,0,0]}, y = Just EncodedDecimal {negative = True, digits = [9,4,4,0,1,4,0,0]}, i = Nothing, j = Nothing}),D03 (Movement {x = Just EncodedDecimal {negative = False, digits = [1,2,7,9,2,4,6,0,0]}, y = Just EncodedDecimal {negative = True, digits = [9,3,7,5,1,4,0,0]}, i = Nothing, j = Nothing}),D03 (Movement {x = Just EncodedDecimal {negative = False, digits = [1,2,7,9,2,4,6,0,0]}, y = Just EncodedDecimal {negative = True, digits = [9,3,1,0,1,4,0,0]}, i = Nothing, j = Nothing}),TD (Just ""),D 32,TO ".C" ["R12"],D03 (Movement {x = Just EncodedDecimal {negative = False, digits = [1,0,6,4,7,1,6,0,0]}, y = Just EncodedDecimal {negative = True, digits = [9,2,7,5,5,3,0,0]}, i = Nothing, j = Nothing}),D03 (Movement {x = Just EncodedDecimal {negative = False, digits = [1,0,6,4,7,1,6,0,0]}, y = Just EncodedDecimal {negative = True, digits = [9,1,1,0,5,3,0,0]}, i = Nothing, j = Nothing}),TD (Just ""),D 33,TO ".C" ["R13"],D03 (Movement {x = Just EncodedDecimal {negative = False, digits = [8,6,4,1,2,7,0,0]}, y = Just EncodedDecimal {negative = True, digits = [5,5,9,3,0,8,0,0]}, i = Nothing, j = Nothing}),D03 (Movement {x = Just EncodedDecimal {negative = False, digits = [8,8,2,3,7,7,0,0]}, y = Just EncodedDecimal {negative = True, digits = [5,5,9,3,0,8,0,0]}, i = Nothing, j = Nothing}),TD (Just ""),D 10,TO ".C" ["Q1"],D03 (Movement {x = Just EncodedDecimal {negative = False, digits = [1,3,8,9,5,2,0,0,0]}, y = Just EncodedDecimal {negative = True, digits = [1,0,6,5,7,8,0,0,0]}, i = Nothing, j = Nothing}),D03 (Movement {x = Just EncodedDecimal {negative = False, digits = [1,3,6,6,5,2,0,0,0]}, y = Just EncodedDecimal {negative = True, digits = [1,0,6,5,7,8,0,0,0]}, i = Nothing, j = Nothing}),D 11,D03 (Movement {x = Just EncodedDecimal {negative = False, digits = [1,3,6,6,5,2,0,0,0]}, y = Just EncodedDecimal {negative = True, digits = [1,1,2,8,7,8,0,0,0]}, i = Nothing, j = Nothing}),D 10,D03 (Movement {x = Just EncodedDecimal {negative = False, digits = [1,3,4,3,5,2,0,0,0]}, y = Just EncodedDecimal {negative = True, digits = [1,0,6,5,7,8,0,0,0]}, i = Nothing, j = Nothing}),TD (Just ""),D 12,TO ".C" ["R4"],D03 (Movement {x = Just EncodedDecimal {negative = False, digits = [1,4,3,8,6,5,6,0,0]}, y = Just EncodedDecimal {negative = True, digits = [1,0,8,9,5,3,8,0,0]}, i = Nothing, j = Nothing}),D03 (Movement {x = Just EncodedDecimal {negative = False, digits = [1,4,3,8,6,5,6,0,0]}, y = Just EncodedDecimal {negative = True, digits = [1,1,0,6,0,3,8,0,0]}, i = Nothing, j = Nothing}),TD (Just ""),M02]